{"level":"info","message":"GET /api/reports transaction started","timestamp":"2025-09-20T17:52:03.567Z"}
{"level":"info","message":"GET /api/reports session ended","timestamp":"2025-09-20T17:52:03.578Z"}
{"level":"info","message":"GET /api/reports transaction started","timestamp":"2025-09-20T17:52:53.399Z"}
{"level":"info","message":"GET /api/reports session ended","timestamp":"2025-09-20T17:52:53.404Z"}
{"level":"info","message":"GET /api/reports transaction started","timestamp":"2025-09-20T17:53:17.537Z"}
{"level":"info","message":"GET /api/reports session ended","timestamp":"2025-09-20T17:53:17.546Z"}
{"level":"info","message":"GET /api/reports transaction started","timestamp":"2025-09-20T17:53:18.613Z"}
{"level":"info","message":"GET /api/reports session ended","timestamp":"2025-09-20T17:53:18.628Z"}
{"level":"info","message":"POST /api/auth/login transaction started","timestamp":"2025-09-20T17:53:31.264Z"}
{"level":"info","message":"POST /api/auth/login transaction committed","timestamp":"2025-09-20T17:53:31.578Z"}
{"level":"info","message":"POST /api/auth/login session ended","timestamp":"2025-09-20T17:53:31.597Z"}
{"level":"info","message":"GET /api/reports transaction started","timestamp":"2025-09-20T17:53:32.644Z"}
{"level":"info","message":"GET /api/reports transaction committed","timestamp":"2025-09-20T17:53:32.977Z"}
{"level":"info","message":"GET /api/reports session ended","timestamp":"2025-09-20T17:53:32.986Z"}
{"level":"info","message":"GET /api/users transaction started","timestamp":"2025-09-20T17:53:50.449Z"}
{"level":"info","message":"GET /api/users transaction committed","timestamp":"2025-09-20T17:53:50.596Z"}
{"level":"info","message":"GET /api/users session ended","timestamp":"2025-09-20T17:53:50.598Z"}
{"level":"info","message":"DELETE /api/users transaction started","timestamp":"2025-09-20T17:53:57.997Z"}
{"level":"info","message":"DELETE /api/users transaction committed","timestamp":"2025-09-20T17:53:58.108Z"}
{"level":"info","message":"DELETE /api/users session ended","timestamp":"2025-09-20T17:53:58.109Z"}
{"level":"info","message":"GET /api/users transaction started","timestamp":"2025-09-20T17:53:58.132Z"}
{"level":"info","message":"GET /api/users transaction committed","timestamp":"2025-09-20T17:53:58.216Z"}
{"level":"info","message":"GET /api/users session ended","timestamp":"2025-09-20T17:53:58.217Z"}
{"level":"info","message":"GET /api/payments transaction started","timestamp":"2025-09-20T17:54:06.352Z"}
{"level":"info","message":"GET /api/payments transaction started","timestamp":"2025-09-20T17:54:06.360Z"}
{"level":"info","message":"GET /api/payments transaction committed","timestamp":"2025-09-20T17:54:06.461Z"}
{"level":"info","message":"GET /api/payments session ended","timestamp":"2025-09-20T17:54:06.463Z"}
{"level":"info","message":"GET /api/payments transaction committed","timestamp":"2025-09-20T17:54:06.567Z"}
{"level":"info","message":"GET /api/payments session ended","timestamp":"2025-09-20T17:54:06.568Z"}
{"level":"info","message":"GET /api/categories-with-services transaction started","timestamp":"2025-09-20T17:54:15.885Z"}
{"level":"info","message":"GET /api/categories-with-services transaction committed","timestamp":"2025-09-20T17:54:15.980Z"}
{"level":"info","message":"GET /api/categories-with-services session ended","timestamp":"2025-09-20T17:54:15.981Z"}
{"level":"info","message":"POST /api/services transaction started","timestamp":"2025-09-20T17:56:29.185Z"}
{"level":"info","message":"POST /api/services transaction committed","timestamp":"2025-09-20T17:56:30.266Z"}
{"level":"info","message":"POST /api/services session ended","timestamp":"2025-09-20T17:56:30.268Z"}
{"level":"info","message":"GET /api/categories-with-services transaction started","timestamp":"2025-09-20T17:56:32.424Z"}
{"level":"info","message":"GET /api/categories-with-services transaction committed","timestamp":"2025-09-20T17:56:32.590Z"}
{"level":"info","message":"GET /api/categories-with-services session ended","timestamp":"2025-09-20T17:56:32.593Z"}
